// Jest Snapshot v1, https://goo.gl/fbAQLP

exports[`can wrap tag 1`] = `"<h1>Hello World</h1>"`;
